#
# There is insufficient memory for the Java Runtime Environment to continue.
# Native memory allocation (malloc) failed to allocate 1732016 bytes. Error detail: Chunk::new
# Possible reasons:
#   The system is out of physical RAM or swap space
#   This process is running with CompressedOops enabled, and the Java Heap may be blocking the growth of the native heap
# Possible solutions:
#   Reduce memory load on the system
#   Increase physical memory or swap space
#   Check if swap backing store is full
#   Decrease Java heap size (-Xmx/-Xms)
#   Decrease number of Java threads
#   Decrease Java thread stack sizes (-Xss)
#   Set larger code cache with -XX:ReservedCodeCacheSize=
#   JVM is running with Unscaled Compressed Oops mode in which the Java heap is
#     placed in the first 4GB address space. The Java Heap base address is the
#     maximum limit for the native heap growth. Please use -XX:HeapBaseMinAddress
#     to set the Java Heap base and to place the Java Heap above 4GB virtual address.
# This output file may be truncated or incomplete.
#
#  Out of Memory Error (arena.cpp:168), pid=20372, tid=27444
#
# JRE version: OpenJDK Runtime Environment Temurin-21.0.11+10 (21.0.11+10) (build 21.0.11+10-LTS)
# Java VM: OpenJDK 64-Bit Server VM Temurin-21.0.11+10 (21.0.11+10-LTS, mixed mode, sharing, tiered, compressed oops, compressed class ptrs, parallel gc, windows-amd64)
# No core dump will be written. Minidumps are not enabled by default on client versions of Windows
#

---------------  S U M M A R Y ------------

Command Line: --add-modules=ALL-SYSTEM --add-opens=java.base/java.util=ALL-UNNAMED --add-opens=java.base/java.lang=ALL-UNNAMED --add-opens=java.base/sun.nio.fs=ALL-UNNAMED -Declipse.application=org.eclipse.jdt.ls.core.id1 -Dosgi.bundles.defaultStartLevel=4 -Declipse.product=org.eclipse.jdt.ls.core.product -Djava.import.generatesMetadataFilesAtProjectRoot=false -DDetectVMInstallationsJob.disabled=true -Dfile.encoding=utf8 -XX:+UseParallelGC -XX:GCTimeRatio=4 -XX:AdaptiveSizePolicyWeight=90 -Dsun.zip.disableMemoryMapping=true -Xmx2G -Xms100m -Xlog:disable -javaagent:c:\Users\Lenovo\.vscode\extensions\redhat.java-1.55.0-win32-x64\lombok\lombok-1.18.39-4050.jar -XX:+HeapDumpOnOutOfMemoryError -XX:HeapDumpPath=c:\Users\Lenovo\AppData\Roaming\Code\User\workspaceStorage\665d8a89b0ab349a1d646fc6579422e7\redhat.java -Daether.dependencyCollector.impl=bf c:\Users\Lenovo\.vscode\extensions\redhat.java-1.55.0-win32-x64\server\plugins\org.eclipse.equinox.launcher_1.7.200.v20260619-2039.jar -configuration c:\Users\Lenovo\AppData\Roaming\Code\User\globalStorage\redhat.java\1.55.0\config_win -data c:\Users\Lenovo\AppData\Roaming\Code\User\workspaceStorage\665d8a89b0ab349a1d646fc6579422e7\redhat.java\jdt_ws --pipe=\\.\pipe\lsp-f67443e7ec31a7e10d5d5fe325e04d4a-sock

Host: AMD Ryzen 5 5600H with Radeon Graphics         , 12 cores, 5G,  Windows 11 , 64 bit Build 26100 (10.0.26100.8972)
Time: Sat Aug  8 21:36:57 2026 India Standard Time elapsed time: 13.463357 seconds (0d 0h 0m 13s)

---------------  T H R E A D  ---------------

Current thread (0x000002154362ee30):  JavaThread "C2 CompilerThread0" daemon [_thread_in_native, id=27444, stack(0x000000db40100000,0x000000db40200000) (1024K)]


Current CompileTask:
C2:13463 3845       4       org.lombokweb.asm.ClassReader::readMethod (1070 bytes)

Stack: [0x000000db40100000,0x000000db40200000]
Native frames: (J=compiled Java code, j=interpreted, Vv=VM code, C=native code)
V  [jvm.dll+0x6d7e19]
V  [jvm.dll+0x8b5096]
V  [jvm.dll+0x8b764e]
V  [jvm.dll+0x8b7d33]
V  [jvm.dll+0x284596]
V  [jvm.dll+0xc685d]
V  [jvm.dll+0xc6da1]
V  [jvm.dll+0x3bed31]
V  [jvm.dll+0x1e4149]
V  [jvm.dll+0x24c853]
V  [jvm.dll+0x24bce0]
V  [jvm.dll+0x1cb4ae]
V  [jvm.dll+0x25baad]
V  [jvm.dll+0x25a03a]
V  [jvm.dll+0x3f868e]
V  [jvm.dll+0x85fb0d]
V  [jvm.dll+0x6d664d]
C  [ucrtbase.dll+0x2cd30]
C  [KERNEL32.DLL+0x2ccb7]
C  [ntdll.dll+0xaad6c]


---------------  P R O C E S S  ---------------

Threads class SMR info:
_java_thread_list=0x00000215a2b3a980, length=24, elements={
0x000002154357cc40, 0x000002154361efa0, 0x0000021543622d50, 0x0000021543626820,
0x00000215436289e0, 0x000002154362b580, 0x000002154362bfe0, 0x000002154362ee30,
0x000002159c36cb20, 0x000002159c5a0c40, 0x000002159c6ada40, 0x000002159d7f5510,
0x000002159d86a560, 0x000002159d864ee0, 0x000002159d85de00, 0x00000215a28778f0,
0x000002159da25350, 0x00000215a28f5220, 0x00000215a22f8130, 0x00000215a22f6d80,
0x00000215a22f87c0, 0x00000215a22f7410, 0x00000215a22f6060, 0x00000215a22f94e0
}

Java Threads: ( => current thread )
  0x000002154357cc40 JavaThread "main"                              [_thread_blocked, id=26916, stack(0x000000db3f700000,0x000000db3f800000) (1024K)]
  0x000002154361efa0 JavaThread "Reference Handler"          daemon [_thread_blocked, id=25624, stack(0x000000db3fb00000,0x000000db3fc00000) (1024K)]
  0x0000021543622d50 JavaThread "Finalizer"                  daemon [_thread_blocked, id=7676, stack(0x000000db3fc00000,0x000000db3fd00000) (1024K)]
  0x0000021543626820 JavaThread "Signal Dispatcher"          daemon [_thread_blocked, id=25080, stack(0x000000db3fd00000,0x000000db3fe00000) (1024K)]
  0x00000215436289e0 JavaThread "Attach Listener"            daemon [_thread_blocked, id=15120, stack(0x000000db3fe00000,0x000000db3ff00000) (1024K)]
  0x000002154362b580 JavaThread "Service Thread"             daemon [_thread_blocked, id=25060, stack(0x000000db3ff00000,0x000000db40000000) (1024K)]
  0x000002154362bfe0 JavaThread "Monitor Deflation Thread"   daemon [_thread_blocked, id=3208, stack(0x000000db40000000,0x000000db40100000) (1024K)]
=>0x000002154362ee30 JavaThread "C2 CompilerThread0"         daemon [_thread_in_native, id=27444, stack(0x000000db40100000,0x000000db40200000) (1024K)]
  0x000002159c36cb20 JavaThread "C1 CompilerThread0"         daemon [_thread_in_vm, id=25276, stack(0x000000db40200000,0x000000db40300000) (1024K)]
  0x000002159c5a0c40 JavaThread "Common-Cleaner"             daemon [_thread_blocked, id=21972, stack(0x000000db40300000,0x000000db40400000) (1024K)]
  0x000002159c6ada40 JavaThread "Notification Thread"        daemon [_thread_blocked, id=7020, stack(0x000000db40400000,0x000000db40500000) (1024K)]
  0x000002159d7f5510 JavaThread "Active Thread: Equinox Container: 404a0769-bf65-4e80-863b-bf29e356d618"        [_thread_blocked, id=14616, stack(0x000000db40c00000,0x000000db40d00000) (1024K)]
  0x000002159d86a560 JavaThread "Refresh Thread: Equinox Container: 404a0769-bf65-4e80-863b-bf29e356d618" daemon [_thread_blocked, id=21920, stack(0x000000db40e00000,0x000000db40f00000) (1024K)]
  0x000002159d864ee0 JavaThread "Framework Event Dispatcher: Equinox Container: 404a0769-bf65-4e80-863b-bf29e356d618" daemon [_thread_blocked, id=404, stack(0x000000db40f00000,0x000000db41000000) (1024K)]
  0x000002159d85de00 JavaThread "Start Level: Equinox Container: 404a0769-bf65-4e80-863b-bf29e356d618" daemon [_thread_in_vm, id=19308, stack(0x000000db41000000,0x000000db41100000) (1024K)]
  0x00000215a28778f0 JavaThread "Bundle File Closer"         daemon [_thread_blocked, id=21340, stack(0x000000db41300000,0x000000db41400000) (1024K)]
  0x000002159da25350 JavaThread "SCR Component Actor"        daemon [_thread_blocked, id=28132, stack(0x000000db40b00000,0x000000db40c00000) (1024K)]
  0x00000215a28f5220 JavaThread "Worker-JM"                         [_thread_blocked, id=23496, stack(0x000000db41400000,0x000000db41500000) (1024K)]
  0x00000215a22f8130 JavaThread "JNA Cleaner"                daemon [_thread_blocked, id=26756, stack(0x000000db41500000,0x000000db41600000) (1024K)]
  0x00000215a22f6d80 JavaThread "Worker-0: Repository registry initialization"        [_thread_in_vm, id=7812, stack(0x000000db41600000,0x000000db41700000) (1024K)]
  0x00000215a22f87c0 JavaThread "Worker-1: Updating Maven Dependencies"        [_thread_in_vm, id=28456, stack(0x000000db41700000,0x000000db41800000) (1024K)]
  0x00000215a22f7410 JavaThread "Java indexing"              daemon [_thread_blocked, id=18104, stack(0x000000db41800000,0x000000db41900000) (1024K)]
  0x00000215a22f6060 JavaThread "Worker-2"                          [_thread_blocked, id=28096, stack(0x000000db41900000,0x000000db41a00000) (1024K)]
  0x00000215a22f94e0 JavaThread "Worker-3"                          [_thread_blocked, id=12732, stack(0x000000db41a00000,0x000000db41b00000) (1024K)]
Total: 24

Other Threads:
  0x000002154361ea50 VMThread "VM Thread"                           [id=15616, stack(0x000000db3fa00000,0x000000db3fb00000) (1024K)]
  0x000002154340ca10 WatcherThread "VM Periodic Task Thread"        [id=21612, stack(0x000000db3f900000,0x000000db3fa00000) (1024K)]
  0x000002154359bfc0 WorkerThread "GC Thread#0"                     [id=1972, stack(0x000000db3f800000,0x000000db3f900000) (1024K)]
  0x000002159d656b20 WorkerThread "GC Thread#1"                     [id=12264, stack(0x000000db40500000,0x000000db40600000) (1024K)]
  0x000002159d7df480 WorkerThread "GC Thread#2"                     [id=22556, stack(0x000000db40600000,0x000000db40700000) (1024K)]
  0x000002159d7df830 WorkerThread "GC Thread#3"                     [id=10336, stack(0x000000db40700000,0x000000db40800000) (1024K)]
  0x000002159d7dfbe0 WorkerThread "GC Thread#4"                     [id=28208, stack(0x000000db40800000,0x000000db40900000) (1024K)]
  0x000002159d603f50 WorkerThread "GC Thread#5"                     [id=13952, stack(0x000000db40900000,0x000000db40a00000) (1024K)]
  0x000002159d604300 WorkerThread "GC Thread#6"                     [id=10140, stack(0x000000db40a00000,0x000000db40b00000) (1024K)]
  0x000002159da6ab20 WorkerThread "GC Thread#7"                     [id=1996, stack(0x000000db40d00000,0x000000db40e00000) (1024K)]
  0x000002159da6b280 WorkerThread "GC Thread#8"                     [id=22000, stack(0x000000db41100000,0x000000db41200000) (1024K)]
  0x000002159da6a770 WorkerThread "GC Thread#9"                     [id=16992, stack(0x000000db41200000,0x000000db41300000) (1024K)]
Total: 12

Threads with active compile tasks:
C2 CompilerThread0  13491 3845       4       org.lombokweb.asm.ClassReader::readMethod (1070 bytes)
C1 CompilerThread0  13491 4080       2       java.util.ServiceLoader$ModuleServicesLookupIterator::iteratorFor (191 bytes)
Total: 2

VM state: not at safepoint (normal execution)

VM Mutex/Monitor currently owned by a thread:  ([mutex/lock_event])
[0x00007ffb7381d4f0] Metaspace_lock - owner thread: 0x00000215a22f6d80

Heap address: 0x0000000080000000, size: 2048 MB, Compressed Oops mode: 32-bit

CDS archive(s) mapped at: [0x000002155a000000-0x000002155aba0000-0x000002155aba0000), size 12189696, SharedBaseAddress: 0x000002155a000000, ArchiveRelocationMode: 1.
Compressed class space mapped at: 0x000002155b000000-0x000002159b000000, reserved size: 1073741824
Narrow klass base: 0x000002155a000000, Narrow klass shift: 0, Narrow klass range: 0x100000000

GC Precious Log:
 CardTable entry size: 512
 CPUs: 12 total, 12 available
 Memory: 5996M
 Large Page Support: Disabled
 NUMA Support: Disabled
 Compressed Oops: Enabled (32-bit)
 Alignments: Space 512K, Generation 512K, Heap 2M
 Heap Min Capacity: 100M
 Heap Initial Capacity: 100M
 Heap Max Capacity: 2G
 Pre-touch: Disabled
 Parallel Workers: 10

Heap:
 PSYoungGen      total 25088K, used 6862K [0x00000000d5580000, 0x00000000d7400000, 0x0000000100000000)
  eden space 23040K, 20% used [0x00000000d5580000,0x00000000d5a357d0,0x00000000d6c00000)
  from space 2048K, 99% used [0x00000000d7100000,0x00000000d72fe070,0x00000000d7300000)
  to   space 4096K, 0% used [0x00000000d6c00000,0x00000000d6c00000,0x00000000d7000000)
 ParOldGen       total 68608K, used 14760K [0x0000000080000000, 0x0000000084300000, 0x00000000d5580000)
  object space 68608K, 21% used [0x0000000080000000,0x0000000080e6a218,0x0000000084300000)
 Metaspace       used 29318K, committed 30208K, reserved 1114112K
  class space    used 2892K, committed 3264K, reserved 1048576K

Card table byte_map: [0x0000021542f20000,0x0000021543330000] _byte_map_base: 0x0000021542b20000

Marking Bits: (ParMarkBitMap*) 0x00007ffb73824460
 Begin Bits: [0x0000021555a30000, 0x0000021557a30000)
 End Bits:   [0x0000021557a30000, 0x0000021559a30000)

Polling page: 0x0000021541390000

Metaspace:

Usage:
  Non-class:     25.81 MB used.
      Class:      2.82 MB used.
       Both:     28.63 MB used.

Virtual space:
  Non-class space:       64.00 MB reserved,      26.31 MB ( 41%) committed,  1 nodes.
      Class space:        1.00 GB reserved,       3.19 MB ( <1%) committed,  1 nodes.
             Both:        1.06 GB reserved,      29.50 MB (  3%) committed. 

Chunk freelists:
   Non-Class:  4.79 MB
       Class:  12.81 MB
        Both:  17.60 MB

MaxMetaspaceSize: unlimited
CompressedClassSpaceSize: 1.00 GB
Initial GC threshold: 21.00 MB
Current GC threshold: 35.00 MB
CDS: on
 - commit_granule_bytes: 65536.
 - commit_granule_words: 8192.
 - virtual_space_node_default_size: 8388608.
 - enlarge_chunks_in_place: 1.
 - use_allocation_guard: 0.


Internal statistics:

num_allocs_failed_limit: 3.
num_arena_births: 668.
num_arena_deaths: 14.
num_vsnodes_births: 2.
num_vsnodes_deaths: 0.
num_space_committed: 472.
num_space_uncommitted: 0.
num_chunks_returned_to_freelist: 17.
num_chunks_taken_from_freelist: 1813.
num_chunk_merges: 9.
num_chunk_splits: 1187.
num_chunks_enlarged: 770.
num_inconsistent_stats: 0.

CodeHeap 'non-profiled nmethods': size=120000Kb used=1662Kb max_used=1662Kb free=118337Kb
 bounds [0x000002154e250000, 0x000002154e4c0000, 0x0000021555780000]
CodeHeap 'profiled nmethods': size=120000Kb used=8631Kb max_used=8631Kb free=111368Kb
 bounds [0x0000021546780000, 0x0000021546ff0000, 0x000002154dcb0000]
CodeHeap 'non-nmethods': size=5760Kb used=1340Kb max_used=1340Kb free=4419Kb
 bounds [0x000002154dcb0000, 0x000002154df20000, 0x000002154e250000]
CodeCache: size=245760Kb, used=11633Kb, max_used=11633Kb, free=234124Kb
 total_blobs=4688, nmethods=4057, adapters=537, full_count=0
Compilation: enabled, stopped_count=0, restarted_count=0

Compilation events (20 events):
Event: 12.457 Thread 0x000002159c36cb20 4039       2       jdk.internal.module.SystemModuleFinders$SystemImage::reader (4 bytes)
Event: 12.457 Thread 0x000002159c36cb20 nmethod 4039 0x0000021546fd8b10 code [0x0000021546fd8ca0, 0x0000021546fd8d90]
Event: 12.457 Thread 0x000002159c36cb20 4040       3       java.nio.Buffer::nextGetIndex (32 bytes)
Event: 12.458 Thread 0x000002159c36cb20 nmethod 4040 0x0000021546fd8e10 code [0x0000021546fd8fc0, 0x0000021546fd9190]
Event: 12.458 Thread 0x000002159c36cb20 4041   !   3       java.nio.ByteBuffer::wrap (21 bytes)
Event: 12.458 Thread 0x000002159c36cb20 nmethod 4041 0x0000021546fd9290 code [0x0000021546fd9460, 0x0000021546fd9710]
Event: 12.458 Thread 0x000002159c36cb20 4043       3       jdk.internal.jimage.ImageBufferCache$2::compare (13 bytes)
Event: 12.458 Thread 0x000002159c36cb20 nmethod 4043 0x0000021546fd9890 code [0x0000021546fd9ac0, 0x0000021546fda4a8]
Event: 12.458 Thread 0x000002159c36cb20 4044       3       jdk.internal.jimage.ImageBufferCache$2::compare (12 bytes)
Event: 12.459 Thread 0x000002159c36cb20 nmethod 4044 0x0000021546fda710 code [0x0000021546fda920, 0x0000021546fdb080]
Event: 12.459 Thread 0x000002159c36cb20 4042       3       java.nio.HeapByteBuffer::<init> (23 bytes)
Event: 12.459 Thread 0x000002159c36cb20 nmethod 4042 0x0000021546fdb290 code [0x0000021546fdb440, 0x0000021546fdb5c0]
Event: 12.459 Thread 0x000002159c36cb20 4045       1       java.util.AbstractMap$SimpleEntry::getValue (5 bytes)
Event: 12.460 Thread 0x000002159c36cb20 nmethod 4045 0x000002154e3ede10 code [0x000002154e3edfa0, 0x000002154e3ee068]
Event: 12.609 Thread 0x000002159c36cb20 4047       3       jdk.internal.misc.Unsafe::weakCompareAndSetReference (11 bytes)
Event: 12.610 Thread 0x000002159c36cb20 nmethod 4047 0x0000021546fdb690 code [0x0000021546fdb820, 0x0000021546fdb960]
Event: 12.660 Thread 0x000002159c36cb20 4048       3       java.lang.Thread::isVirtual (5 bytes)
Event: 12.660 Thread 0x000002159c36cb20 nmethod 4048 0x0000021546fdba10 code [0x0000021546fdbbc0, 0x0000021546fdbdc8]
Event: 12.787 Thread 0x000002159c36cb20 4049       3       java.util.concurrent.locks.AbstractQueuedSynchronizer::casTail (13 bytes)
Event: 12.787 Thread 0x000002159c36cb20 nmethod 4049 0x0000021546fdbe90 code [0x0000021546fdc020, 0x0000021546fdc160]

GC Heap History (20 events):
Event: 5.190 GC heap before
{Heap before GC invocations=2 (full 0):
 PSYoungGen      total 29696K, used 28887K [0x00000000d5580000, 0x00000000d7680000, 0x0000000100000000)
  eden space 25600K, 100% used [0x00000000d5580000,0x00000000d6e80000,0x00000000d6e80000)
  from space 4096K, 80% used [0x00000000d6e80000,0x00000000d71b5e88,0x00000000d7280000)
  to   space 4096K, 0% used [0x00000000d7280000,0x00000000d7280000,0x00000000d7680000)
 ParOldGen       total 68608K, used 16K [0x0000000080000000, 0x0000000084300000, 0x00000000d5580000)
  object space 68608K, 0% used [0x0000000080000000,0x0000000080004000,0x0000000084300000)
 Metaspace       used 8006K, committed 8256K, reserved 1114112K
  class space    used 832K, committed 960K, reserved 1048576K
}
Event: 5.199 GC heap after
{Heap after GC invocations=2 (full 0):
 PSYoungGen      total 29696K, used 4070K [0x00000000d5580000, 0x00000000d7680000, 0x0000000100000000)
  eden space 25600K, 0% used [0x00000000d5580000,0x00000000d5580000,0x00000000d6e80000)
  from space 4096K, 99% used [0x00000000d7280000,0x00000000d7679820,0x00000000d7680000)
  to   space 4096K, 0% used [0x00000000d6e80000,0x00000000d6e80000,0x00000000d7280000)
 ParOldGen       total 68608K, used 2040K [0x0000000080000000, 0x0000000084300000, 0x00000000d5580000)
  object space 68608K, 2% used [0x0000000080000000,0x00000000801fe320,0x0000000084300000)
 Metaspace       used 8006K, committed 8256K, reserved 1114112K
  class space    used 832K, committed 960K, reserved 1048576K
}
Event: 5.612 GC heap before
{Heap before GC invocations=3 (full 0):
 PSYoungGen      total 29696K, used 29530K [0x00000000d5580000, 0x00000000d7680000, 0x0000000100000000)
  eden space 25600K, 99% used [0x00000000d5580000,0x00000000d6e5d0c0,0x00000000d6e80000)
  from space 4096K, 99% used [0x00000000d7280000,0x00000000d7679820,0x00000000d7680000)
  to   space 4096K, 0% used [0x00000000d6e80000,0x00000000d6e80000,0x00000000d7280000)
 ParOldGen       total 68608K, used 2040K [0x0000000080000000, 0x0000000084300000, 0x00000000d5580000)
  object space 68608K, 2% used [0x0000000080000000,0x00000000801fe320,0x0000000084300000)
 Metaspace       used 9437K, committed 9728K, reserved 1114112K
  class space    used 1006K, committed 1152K, reserved 1048576K
}
Event: 5.620 GC heap after
{Heap after GC invocations=3 (full 0):
 PSYoungGen      total 29696K, used 4065K [0x00000000d5580000, 0x00000000d7680000, 0x0000000100000000)
  eden space 25600K, 0% used [0x00000000d5580000,0x00000000d5580000,0x00000000d6e80000)
  from space 4096K, 99% used [0x00000000d6e80000,0x00000000d7278740,0x00000000d7280000)
  to   space 4096K, 0% used [0x00000000d7280000,0x00000000d7280000,0x00000000d7680000)
 ParOldGen       total 68608K, used 5182K [0x0000000080000000, 0x0000000084300000, 0x00000000d5580000)
  object space 68608K, 7% used [0x0000000080000000,0x000000008050fa10,0x0000000084300000)
 Metaspace       used 9437K, committed 9728K, reserved 1114112K
  class space    used 1006K, committed 1152K, reserved 1048576K
}
Event: 7.980 GC heap before
{Heap before GC invocations=4 (full 0):
 PSYoungGen      total 29696K, used 29665K [0x00000000d5580000, 0x00000000d7680000, 0x0000000100000000)
  eden space 25600K, 100% used [0x00000000d5580000,0x00000000d6e80000,0x00000000d6e80000)
  from space 4096K, 99% used [0x00000000d6e80000,0x00000000d7278740,0x00000000d7280000)
  to   space 4096K, 0% used [0x00000000d7280000,0x00000000d7280000,0x00000000d7680000)
 ParOldGen       total 68608K, used 5182K [0x0000000080000000, 0x0000000084300000, 0x00000000d5580000)
  object space 68608K, 7% used [0x0000000080000000,0x000000008050fa10,0x0000000084300000)
 Metaspace       used 11643K, committed 12032K, reserved 1114112K
  class space    used 1233K, committed 1408K, reserved 1048576K
}
Event: 7.989 GC heap after
{Heap after GC invocations=4 (full 0):
 PSYoungGen      total 29696K, used 4091K [0x00000000d5580000, 0x00000000d7680000, 0x0000000100000000)
  eden space 25600K, 0% used [0x00000000d5580000,0x00000000d5580000,0x00000000d6e80000)
  from space 4096K, 99% used [0x00000000d7280000,0x00000000d767efc0,0x00000000d7680000)
  to   space 4096K, 0% used [0x00000000d6e80000,0x00000000d6e80000,0x00000000d7280000)
 ParOldGen       total 68608K, used 6762K [0x0000000080000000, 0x0000000084300000, 0x00000000d5580000)
  object space 68608K, 9% used [0x0000000080000000,0x000000008069ab00,0x0000000084300000)
 Metaspace       used 11643K, committed 12032K, reserved 1114112K
  class space    used 1233K, committed 1408K, reserved 1048576K
}
Event: 8.655 GC heap before
{Heap before GC invocations=5 (full 0):
 PSYoungGen      total 29696K, used 29691K [0x00000000d5580000, 0x00000000d7680000, 0x0000000100000000)
  eden space 25600K, 100% used [0x00000000d5580000,0x00000000d6e80000,0x00000000d6e80000)
  from space 4096K, 99% used [0x00000000d7280000,0x00000000d767efc0,0x00000000d7680000)
  to   space 4096K, 0% used [0x00000000d6e80000,0x00000000d6e80000,0x00000000d7280000)
 ParOldGen       total 68608K, used 6762K [0x0000000080000000, 0x0000000084300000, 0x00000000d5580000)
  object space 68608K, 9% used [0x0000000080000000,0x000000008069ab00,0x0000000084300000)
 Metaspace       used 15549K, committed 16192K, reserved 1114112K
  class space    used 1622K, committed 1920K, reserved 1048576K
}
Event: 8.660 GC heap after
{Heap after GC invocations=5 (full 0):
 PSYoungGen      total 29184K, used 4069K [0x00000000d5580000, 0x00000000d7900000, 0x0000000100000000)
  eden space 25088K, 0% used [0x00000000d5580000,0x00000000d5580000,0x00000000d6e00000)
  from space 4096K, 99% used [0x00000000d6e80000,0x00000000d7279710,0x00000000d7280000)
  to   space 5632K, 0% used [0x00000000d7380000,0x00000000d7380000,0x00000000d7900000)
 ParOldGen       total 68608K, used 7958K [0x0000000080000000, 0x0000000084300000, 0x00000000d5580000)
  object space 68608K, 11% used [0x0000000080000000,0x00000000807c5b20,0x0000000084300000)
 Metaspace       used 15549K, committed 16192K, reserved 1114112K
  class space    used 1622K, committed 1920K, reserved 1048576K
}
Event: 10.362 GC heap before
{Heap before GC invocations=6 (full 0):
 PSYoungGen      total 29184K, used 29157K [0x00000000d5580000, 0x00000000d7900000, 0x0000000100000000)
  eden space 25088K, 100% used [0x00000000d5580000,0x00000000d6e00000,0x00000000d6e00000)
  from space 4096K, 99% used [0x00000000d6e80000,0x00000000d7279710,0x00000000d7280000)
  to   space 5632K, 0% used [0x00000000d7380000,0x00000000d7380000,0x00000000d7900000)
 ParOldGen       total 68608K, used 7958K [0x0000000080000000, 0x0000000084300000, 0x00000000d5580000)
  object space 68608K, 11% used [0x0000000080000000,0x00000000807c5b20,0x0000000084300000)
 Metaspace       used 18662K, committed 19456K, reserved 1114112K
  class space    used 1968K, committed 2304K, reserved 1048576K
}
Event: 10.367 GC heap after
{Heap after GC invocations=6 (full 0):
 PSYoungGen      total 29696K, used 5038K [0x00000000d5580000, 0x00000000d7880000, 0x0000000100000000)
  eden space 24576K, 0% used [0x00000000d5580000,0x00000000d5580000,0x00000000d6d80000)
  from space 5120K, 98% used [0x00000000d7380000,0x00000000d786b8a0,0x00000000d7880000)
  to   space 5632K, 0% used [0x00000000d6d80000,0x00000000d6d80000,0x00000000d7300000)
 ParOldGen       total 68608K, used 7966K [0x0000000080000000, 0x0000000084300000, 0x00000000d5580000)
  object space 68608K, 11% used [0x0000000080000000,0x00000000807c7b20,0x0000000084300000)
 Metaspace       used 18662K, committed 19456K, reserved 1114112K
  class space    used 1968K, committed 2304K, reserved 1048576K
}
Event: 11.707 GC heap before
{Heap before GC invocations=7 (full 0):
 PSYoungGen      total 29696K, used 25733K [0x00000000d5580000, 0x00000000d7880000, 0x0000000100000000)
  eden space 24576K, 84% used [0x00000000d5580000,0x00000000d69b5d88,0x00000000d6d80000)
  from space 5120K, 98% used [0x00000000d7380000,0x00000000d786b8a0,0x00000000d7880000)
  to   space 5632K, 0% used [0x00000000d6d80000,0x00000000d6d80000,0x00000000d7300000)
 ParOldGen       total 68608K, used 7966K [0x0000000080000000, 0x0000000084300000, 0x00000000d5580000)
  object space 68608K, 11% used [0x0000000080000000,0x00000000807c7b20,0x0000000084300000)
 Metaspace       used 20698K, committed 21504K, reserved 1114112K
  class space    used 2201K, committed 2560K, reserved 1048576K
}
Event: 11.713 GC heap after
{Heap after GC invocations=7 (full 0):
 PSYoungGen      total 29184K, used 4411K [0x00000000d5580000, 0x00000000d7780000, 0x0000000100000000)
  eden space 24576K, 0% used [0x00000000d5580000,0x00000000d5580000,0x00000000d6d80000)
  from space 4608K, 95% used [0x00000000d6d80000,0x00000000d71cefa8,0x00000000d7200000)
  to   space 5120K, 0% used [0x00000000d7280000,0x00000000d7280000,0x00000000d7780000)
 ParOldGen       total 68608K, used 9510K [0x0000000080000000, 0x0000000084300000, 0x00000000d5580000)
  object space 68608K, 13% used [0x0000000080000000,0x0000000080949ac0,0x0000000084300000)
 Metaspace       used 20698K, committed 21504K, reserved 1114112K
  class space    used 2201K, committed 2560K, reserved 1048576K
}
Event: 11.713 GC heap before
{Heap before GC invocations=8 (full 1):
 PSYoungGen      total 29184K, used 4411K [0x00000000d5580000, 0x00000000d7780000, 0x0000000100000000)
  eden space 24576K, 0% used [0x00000000d5580000,0x00000000d5580000,0x00000000d6d80000)
  from space 4608K, 95% used [0x00000000d6d80000,0x00000000d71cefa8,0x00000000d7200000)
  to   space 5120K, 0% used [0x00000000d7280000,0x00000000d7280000,0x00000000d7780000)
 ParOldGen       total 68608K, used 9510K [0x0000000080000000, 0x0000000084300000, 0x00000000d5580000)
  object space 68608K, 13% used [0x0000000080000000,0x0000000080949ac0,0x0000000084300000)
 Metaspace       used 20698K, committed 21504K, reserved 1114112K
  class space    used 2201K, committed 2560K, reserved 1048576K
}
Event: 11.744 GC heap after
{Heap after GC invocations=8 (full 1):
 PSYoungGen      total 29184K, used 0K [0x00000000d5580000, 0x00000000d7780000, 0x0000000100000000)
  eden space 24576K, 0% used [0x00000000d5580000,0x00000000d5580000,0x00000000d6d80000)
  from space 4608K, 0% used [0x00000000d6d80000,0x00000000d6d80000,0x00000000d7200000)
  to   space 5120K, 0% used [0x00000000d7280000,0x00000000d7280000,0x00000000d7780000)
 ParOldGen       total 68608K, used 13320K [0x0000000080000000, 0x0000000084300000, 0x00000000d5580000)
  object space 68608K, 19% used [0x0000000080000000,0x0000000080d02190,0x0000000084300000)
 Metaspace       used 20685K, committed 21504K, reserved 1114112K
  class space    used 2197K, committed 2560K, reserved 1048576K
}
Event: 11.948 GC heap before
{Heap before GC invocations=9 (full 1):
 PSYoungGen      total 29184K, used 24576K [0x00000000d5580000, 0x00000000d7780000, 0x0000000100000000)
  eden space 24576K, 100% used [0x00000000d5580000,0x00000000d6d80000,0x00000000d6d80000)
  from space 4608K, 0% used [0x00000000d6d80000,0x00000000d6d80000,0x00000000d7200000)
  to   space 5120K, 0% used [0x00000000d7280000,0x00000000d7280000,0x00000000d7780000)
 ParOldGen       total 68608K, used 13320K [0x0000000080000000, 0x0000000084300000, 0x00000000d5580000)
  object space 68608K, 19% used [0x0000000080000000,0x0000000080d02190,0x0000000084300000)
 Metaspace       used 23256K, committed 24128K, reserved 1114112K
  class space    used 2364K, committed 2752K, reserved 1048576K
}
Event: 11.949 GC heap after
{Heap after GC invocations=9 (full 1):
 PSYoungGen      total 25088K, used 685K [0x00000000d5580000, 0x00000000d7380000, 0x0000000100000000)
  eden space 24064K, 0% used [0x00000000d5580000,0x00000000d5580000,0x00000000d6d00000)
  from space 1024K, 66% used [0x00000000d7280000,0x00000000d732b788,0x00000000d7380000)
  to   space 2560K, 0% used [0x00000000d6e80000,0x00000000d6e80000,0x00000000d7100000)
 ParOldGen       total 68608K, used 13320K [0x0000000080000000, 0x0000000084300000, 0x00000000d5580000)
  object space 68608K, 19% used [0x0000000080000000,0x0000000080d02190,0x0000000084300000)
 Metaspace       used 23256K, committed 24128K, reserved 1114112K
  class space    used 2364K, committed 2752K, reserved 1048576K
}
Event: 12.124 GC heap before
{Heap before GC invocations=10 (full 1):
 PSYoungGen      total 25088K, used 24749K [0x00000000d5580000, 0x00000000d7380000, 0x0000000100000000)
  eden space 24064K, 100% used [0x00000000d5580000,0x00000000d6d00000,0x00000000d6d00000)
  from space 1024K, 66% used [0x00000000d7280000,0x00000000d732b788,0x00000000d7380000)
  to   space 2560K, 0% used [0x00000000d6e80000,0x00000000d6e80000,0x00000000d7100000)
 ParOldGen       total 68608K, used 13320K [0x0000000080000000, 0x0000000084300000, 0x00000000d5580000)
  object space 68608K, 19% used [0x0000000080000000,0x0000000080d02190,0x0000000084300000)
 Metaspace       used 26418K, committed 27264K, reserved 1114112K
  class space    used 2613K, committed 2944K, reserved 1048576K
}
Event: 12.125 GC heap after
{Heap after GC invocations=10 (full 1):
 PSYoungGen      total 26112K, used 2543K [0x00000000d5580000, 0x00000000d7300000, 0x0000000100000000)
  eden space 23552K, 0% used [0x00000000d5580000,0x00000000d5580000,0x00000000d6c80000)
  from space 2560K, 99% used [0x00000000d6e80000,0x00000000d70fbf00,0x00000000d7100000)
  to   space 2048K, 0% used [0x00000000d7100000,0x00000000d7100000,0x00000000d7300000)
 ParOldGen       total 68608K, used 13344K [0x0000000080000000, 0x0000000084300000, 0x00000000d5580000)
  object space 68608K, 19% used [0x0000000080000000,0x0000000080d08190,0x0000000084300000)
 Metaspace       used 26418K, committed 27264K, reserved 1114112K
  class space    used 2613K, committed 2944K, reserved 1048576K
}
Event: 12.398 GC heap before
{Heap before GC invocations=11 (full 1):
 PSYoungGen      total 26112K, used 26095K [0x00000000d5580000, 0x00000000d7300000, 0x0000000100000000)
  eden space 23552K, 100% used [0x00000000d5580000,0x00000000d6c80000,0x00000000d6c80000)
  from space 2560K, 99% used [0x00000000d6e80000,0x00000000d70fbf00,0x00000000d7100000)
  to   space 2048K, 0% used [0x00000000d7100000,0x00000000d7100000,0x00000000d7300000)
 ParOldGen       total 68608K, used 13344K [0x0000000080000000, 0x0000000084300000, 0x00000000d5580000)
  object space 68608K, 19% used [0x0000000080000000,0x0000000080d08190,0x0000000084300000)
 Metaspace       used 28550K, committed 29504K, reserved 1114112K
  class space    used 2795K, committed 3200K, reserved 1048576K
}
Event: 12.401 GC heap after
{Heap after GC invocations=11 (full 1):
 PSYoungGen      total 25088K, used 2040K [0x00000000d5580000, 0x00000000d7400000, 0x0000000100000000)
  eden space 23040K, 0% used [0x00000000d5580000,0x00000000d5580000,0x00000000d6c00000)
  from space 2048K, 99% used [0x00000000d7100000,0x00000000d72fe070,0x00000000d7300000)
  to   space 4096K, 0% used [0x00000000d6c00000,0x00000000d6c00000,0x00000000d7000000)
 ParOldGen       total 68608K, used 14760K [0x0000000080000000, 0x0000000084300000, 0x00000000d5580000)
  object space 68608K, 21% used [0x0000000080000000,0x0000000080e6a218,0x0000000084300000)
 Metaspace       used 28550K, committed 29504K, reserved 1114112K
  class space    used 2795K, committed 3200K, reserved 1048576K
}

Dll operation events (10 events):
Event: 0.023 Loaded shared library c:\Users\Lenovo\.vscode\extensions\redhat.java-1.55.0-win32-x64\jre\21.0.11-win32-x86_64\bin\java.dll
Event: 0.200 Loaded shared library c:\Users\Lenovo\.vscode\extensions\redhat.java-1.55.0-win32-x64\jre\21.0.11-win32-x86_64\bin\zip.dll
Event: 0.267 Loaded shared library C:\Users\Lenovo\.vscode\extensions\redhat.java-1.55.0-win32-x64\jre\21.0.11-win32-x86_64\bin\instrument.dll
Event: 0.282 Loaded shared library C:\Users\Lenovo\.vscode\extensions\redhat.java-1.55.0-win32-x64\jre\21.0.11-win32-x86_64\bin\net.dll
Event: 0.290 Loaded shared library C:\Users\Lenovo\.vscode\extensions\redhat.java-1.55.0-win32-x64\jre\21.0.11-win32-x86_64\bin\nio.dll
Event: 0.296 Loaded shared library C:\Users\Lenovo\.vscode\extensions\redhat.java-1.55.0-win32-x64\jre\21.0.11-win32-x86_64\bin\zip.dll
Event: 0.335 Loaded shared library C:\Users\Lenovo\.vscode\extensions\redhat.java-1.55.0-win32-x64\jre\21.0.11-win32-x86_64\bin\jimage.dll
Event: 0.504 Loaded shared library c:\Users\Lenovo\.vscode\extensions\redhat.java-1.55.0-win32-x64\jre\21.0.11-win32-x86_64\bin\verify.dll
Event: 5.214 Loaded shared library C:\Users\Lenovo\AppData\Roaming\Code\User\globalStorage\redhat.java\1.55.0\config_win\org.eclipse.equinox.launcher\org.eclipse.equinox.launcher.win32.win32.x86_64_1.3.100.v20260613-0559\eclipse_11924.dll
Event: 8.872 Loaded shared library C:\Users\Lenovo\AppData\Local\Temp\jna--2022488749\jna17313736853480450359.dll

Deoptimization events (20 events):
Event: 12.303 Thread 0x000002159d85de00 Uncommon trap: trap_request=0xffffff45 fr.pc=0x000002154e35d6e8 relative=0x0000000000000428
Event: 12.303 Thread 0x000002159d85de00 Uncommon trap: reason=unstable_if action=reinterpret pc=0x000002154e35d6e8 method=java.lang.AbstractStringBuilder.isLatin1()Z @ 10 c2
Event: 12.303 Thread 0x000002159d85de00 DEOPT PACKING pc=0x000002154e35d6e8 sp=0x000000db410fe210
Event: 12.303 Thread 0x000002159d85de00 DEOPT UNPACKING pc=0x000002154dd03aa2 sp=0x000000db410fe180 mode 2
Event: 12.307 Thread 0x000002159d85de00 Uncommon trap: trap_request=0xffffffc6 fr.pc=0x000002154e39d5e0 relative=0x0000000000000900
Event: 12.307 Thread 0x000002159d85de00 Uncommon trap: reason=bimorphic_or_optimized_type_check action=maybe_recompile pc=0x000002154e39d5e0 method=java.util.HashMap.putVal(ILjava/lang/Object;Ljava/lang/Object;ZZ)Ljava/lang/Object; @ 56 c2
Event: 12.307 Thread 0x000002159d85de00 DEOPT PACKING pc=0x000002154e39d5e0 sp=0x000000db410fda50
Event: 12.307 Thread 0x000002159d85de00 DEOPT UNPACKING pc=0x000002154dd03aa2 sp=0x000000db410fd9a8 mode 2
Event: 12.307 Thread 0x000002159d85de00 Uncommon trap: trap_request=0xffffffc6 fr.pc=0x000002154e39d5e0 relative=0x0000000000000900
Event: 12.307 Thread 0x000002159d85de00 Uncommon trap: reason=bimorphic_or_optimized_type_check action=maybe_recompile pc=0x000002154e39d5e0 method=java.util.HashMap.putVal(ILjava/lang/Object;Ljava/lang/Object;ZZ)Ljava/lang/Object; @ 56 c2
Event: 12.307 Thread 0x000002159d85de00 DEOPT PACKING pc=0x000002154e39d5e0 sp=0x000000db410fda50
Event: 12.307 Thread 0x000002159d85de00 DEOPT UNPACKING pc=0x000002154dd03aa2 sp=0x000000db410fd9a8 mode 2
Event: 12.307 Thread 0x000002159d85de00 Uncommon trap: trap_request=0xffffffc6 fr.pc=0x000002154e39d724 relative=0x0000000000000a44
Event: 12.307 Thread 0x000002159d85de00 Uncommon trap: reason=bimorphic_or_optimized_type_check action=maybe_recompile pc=0x000002154e39d724 method=java.util.HashMap.putVal(ILjava/lang/Object;Ljava/lang/Object;ZZ)Ljava/lang/Object; @ 152 c2
Event: 12.307 Thread 0x000002159d85de00 DEOPT PACKING pc=0x000002154e39d724 sp=0x000000db410fda50
Event: 12.307 Thread 0x000002159d85de00 DEOPT UNPACKING pc=0x000002154dd03aa2 sp=0x000000db410fd9b0 mode 2
Event: 12.307 Thread 0x000002159d85de00 Uncommon trap: trap_request=0xffffffc6 fr.pc=0x000002154e39d724 relative=0x0000000000000a44
Event: 12.307 Thread 0x000002159d85de00 Uncommon trap: reason=bimorphic_or_optimized_type_check action=maybe_recompile pc=0x000002154e39d724 method=java.util.HashMap.putVal(ILjava/lang/Object;Ljava/lang/Object;ZZ)Ljava/lang/Object; @ 152 c2
Event: 12.307 Thread 0x000002159d85de00 DEOPT PACKING pc=0x000002154e39d724 sp=0x000000db410fda50
Event: 12.307 Thread 0x000002159d85de00 DEOPT UNPACKING pc=0x000002154dd03aa2 sp=0x000000db410fd9b0 mode 2

Classes loaded (20 events):
Event: 12.447 Loading class sun/nio/cs/ISO_8859_13 done
Event: 12.452 Loading class sun/nio/cs/DelegatableDecoder
Event: 12.452 Loading class sun/nio/cs/DelegatableDecoder done
Event: 12.452 Loading class sun/nio/cs/ISO_8859_15
Event: 12.452 Loading class sun/nio/cs/ISO_8859_15 done
Event: 12.454 Loading class sun/nio/cs/DoubleByte$Decoder
Event: 12.454 Loading class sun/nio/cs/DoubleByte$Decoder done
Event: 12.455 Loading class sun/nio/cs/DoubleByte$Encoder
Event: 12.455 Loading class sun/nio/cs/DoubleByte$Encoder done
Event: 12.455 Loading class sun/nio/cs/MS1251
Event: 12.455 Loading class sun/nio/cs/MS1251 done
Event: 12.456 Loading class sun/nio/cs/MS1250
Event: 12.456 Loading class sun/nio/cs/MS1250 done
Event: 12.456 Loading class sun/nio/cs/ISO_8859_2
Event: 12.456 Loading class sun/nio/cs/ISO_8859_2 done
Event: 12.458 Loading class sun/nio/cs/ISO_8859_4
Event: 12.459 Loading class sun/nio/cs/ISO_8859_4 done
Event: 12.459 Loading class sun/nio/cs/ISO_8859_5
Event: 12.459 Loading class sun/nio/cs/ISO_8859_5 done
Event: 12.460 Loading class sun/nio/cs/ISO_8859_9

Classes unloaded (7 events):
Event: 11.719 Thread 0x000002154361ea50 Unloading class 0x000002155b1a9400 'java/lang/invoke/LambdaForm$MH+0x000002155b1a9400'
Event: 11.719 Thread 0x000002154361ea50 Unloading class 0x000002155b1a9000 'java/lang/invoke/LambdaForm$MH+0x000002155b1a9000'
Event: 11.719 Thread 0x000002154361ea50 Unloading class 0x000002155b1a8c00 'java/lang/invoke/LambdaForm$MH+0x000002155b1a8c00'
Event: 11.719 Thread 0x000002154361ea50 Unloading class 0x000002155b1a8800 'java/lang/invoke/LambdaForm$MH+0x000002155b1a8800'
Event: 11.719 Thread 0x000002154361ea50 Unloading class 0x000002155b1a8400 'java/lang/invoke/LambdaForm$BMH+0x000002155b1a8400'
Event: 11.719 Thread 0x000002154361ea50 Unloading class 0x000002155b1a8000 'java/lang/invoke/LambdaForm$DMH+0x000002155b1a8000'
Event: 11.719 Thread 0x000002154361ea50 Unloading class 0x000002155b1a6c00 'java/lang/invoke/LambdaForm$DMH+0x000002155b1a6c00'

Classes redefined (0 events):
No events

Internal exceptions (20 events):
Event: 8.999 Thread 0x000002159d85de00 Exception <a 'java/lang/IncompatibleClassChangeError'{0x00000000d5fa4f60}: Found class java.lang.Object, but interface was expected> (0x00000000d5fa4f60) 
thrown [s\src\hotspot\share\interpreter\linkResolver.cpp, line 840]
Event: 9.008 Thread 0x000002159d85de00 Exception <a 'java/lang/NoSuchMethodError'{0x00000000d5fb89c8}: 'java.lang.Object java.lang.invoke.DirectMethodHandle$Holder.invokeSpecial(java.lang.Object, java.lang.Object, java.lang.Object, int, java.lang.Object, java.lang.Object)'> (0x00000000d5fb89c8) 
thrown [s\src\hotspot\share\interpreter\linkResolver.cpp, line 773]
Event: 9.008 Thread 0x000002159d85de00 Exception <a 'java/lang/NoSuchMethodError'{0x00000000d5fc03e0}: 'java.lang.Object java.lang.invoke.DirectMethodHandle$Holder.newInvokeSpecial(java.lang.Object, java.lang.Object, java.lang.Object, int, java.lang.Object)'> (0x00000000d5fc03e0) 
thrown [s\src\hotspot\share\interpreter\linkResolver.cpp, line 773]
Event: 9.009 Thread 0x000002159d85de00 Exception <a 'java/lang/NoSuchMethodError'{0x00000000d5fc4360}: 'java.lang.Object java.lang.invoke.DirectMethodHandle$Holder.invokeSpecial(java.lang.Object, java.lang.Object, java.lang.Object, java.lang.Object, int, java.lang.Object)'> (0x00000000d5fc4360) 
thrown [s\src\hotspot\share\interpreter\linkResolver.cpp, line 773]
Event: 9.009 Thread 0x000002159d85de00 Exception <a 'java/lang/NoSuchMethodError'{0x00000000d5fc7ea0}: 'java.lang.Object java.lang.invoke.Invokers$Holder.linkToTargetMethod(java.lang.Object, java.lang.Object, int, java.lang.Object, java.lang.Object)'> (0x00000000d5fc7ea0) 
thrown [s\src\hotspot\share\interpreter\linkResolver.cpp, line 773]
Event: 9.010 Thread 0x00000215a22f6d80 Exception <a 'java/lang/NoSuchMethodError'{0x00000000d5ef30b0}: 'java.lang.Object java.lang.invoke.DirectMethodHandle$Holder.invokeSpecial(java.lang.Object, java.lang.Object, int, java.lang.Object, java.lang.Object)'> (0x00000000d5ef30b0) 
thrown [s\src\hotspot\share\interpreter\linkResolver.cpp, line 773]
Event: 9.039 Thread 0x000002159d85de00 Exception <a 'java/lang/NoSuchMethodError'{0x00000000d60d0fe0}: 'void java.lang.invoke.DirectMethodHandle$Holder.invokeSpecial(java.lang.Object, java.lang.Object, java.lang.Object, java.lang.Object, java.lang.Object)'> (0x00000000d60d0fe0) 
thrown [s\src\hotspot\share\interpreter\linkResolver.cpp, line 773]
Event: 10.236 Thread 0x000002159d85de00 Exception <a 'java/lang/NoSuchMethodError'{0x00000000d6886f90}: 'java.lang.Object java.lang.invoke.DirectMethodHandle$Holder.invokeInterface(java.lang.Object, java.lang.Object, java.lang.Object)'> (0x00000000d6886f90) 
thrown [s\src\hotspot\share\interpreter\linkResolver.cpp, line 773]
Event: 10.355 Thread 0x000002159d85de00 Exception <a 'java/lang/NoSuchMethodError'{0x00000000d6d9d550}: 'java.lang.Object java.lang.invoke.Invokers$Holder.linkToTargetMethod(java.lang.Object, long, java.lang.Object, java.lang.Object)'> (0x00000000d6d9d550) 
thrown [s\src\hotspot\share\interpreter\linkResolver.cpp, line 773]
Event: 10.485 Thread 0x000002159d85de00 Exception <a 'java/io/FileNotFoundException'{0x00000000d5d328e8}> (0x00000000d5d328e8) 
thrown [s\src\hotspot\share\prims\jni.cpp, line 520]
Event: 10.486 Thread 0x000002159d85de00 Exception <a 'java/lang/NoSuchMethodError'{0x00000000d5d3aea0}: 'java.lang.Object java.lang.invoke.DirectMethodHandle$Holder.newInvokeSpecial(java.lang.Object, int, java.lang.Object, java.lang.Object)'> (0x00000000d5d3aea0) 
thrown [s\src\hotspot\share\interpreter\linkResolver.cpp, line 773]
Event: 11.642 Thread 0x000002159d85de00 Exception <a 'java/lang/NoSuchMethodError'{0x00000000d65b5480}: 'long java.lang.invoke.Invokers$Holder.invokeExact_MT(java.lang.Object, java.lang.Object)'> (0x00000000d65b5480) 
thrown [s\src\hotspot\share\interpreter\linkResolver.cpp, line 773]
Event: 11.775 Thread 0x000002159d85de00 Exception <a 'java/lang/NoSuchMethodError'{0x00000000d578d8c0}: 'double java.lang.invoke.DirectMethodHandle$Holder.invokeStatic(java.lang.Object, java.lang.Object)'> (0x00000000d578d8c0) 
thrown [s\src\hotspot\share\interpreter\linkResolver.cpp, line 773]
Event: 11.775 Thread 0x000002159d85de00 Exception <a 'java/lang/NoSuchMethodError'{0x00000000d5790f50}: 'double java.lang.invoke.DirectMethodHandle$Holder.invokeStaticInit(java.lang.Object, java.lang.Object)'> (0x00000000d5790f50) 
thrown [s\src\hotspot\share\interpreter\linkResolver.cpp, line 773]
Event: 12.134 Thread 0x000002159d85de00 Exception <a 'java/io/FileNotFoundException'{0x00000000d5d3a508}> (0x00000000d5d3a508) 
thrown [s\src\hotspot\share\prims\jni.cpp, line 520]
Event: 12.134 Thread 0x000002159d85de00 Exception <a 'java/io/FileNotFoundException'{0x00000000d5d3b510}> (0x00000000d5d3b510) 
thrown [s\src\hotspot\share\prims\jni.cpp, line 520]
Event: 12.258 Thread 0x000002159d85de00 Exception <a 'java/lang/ClassNotFoundException'{0x00000000d65f6e48}: com/sun/org/apache/xerces/internal/impl/msg/spi/DOMMessagesProvider> (0x00000000d65f6e48) 
thrown [s\src\hotspot\share\classfile\systemDictionary.cpp, line 313]
Event: 12.259 Thread 0x000002159d85de00 Exception <a 'java/lang/ClassNotFoundException'{0x00000000d6608560}: com/sun/org/apache/xerces/internal/impl/msg/spi/XMLSerializerMessagesProvider> (0x00000000d6608560) 
thrown [s\src\hotspot\share\classfile\systemDictionary.cpp, line 313]
Event: 12.260 Thread 0x000002159d85de00 Exception <a 'java/lang/ClassNotFoundException'{0x00000000d6615880}: com/sun/org/apache/xerces/internal/impl/msg/spi/XMLMessagesProvider> (0x00000000d6615880) 
thrown [s\src\hotspot\share\classfile\systemDictionary.cpp, line 313]
Event: 12.417 Thread 0x000002159d85de00 Exception <a 'java/lang/ClassNotFoundException'{0x00000000d563e730}: com/sun/org/apache/xml/internal/serializer/spi/XMLEntitiesProvider> (0x00000000d563e730) 
thrown [s\src\hotspot\share\classfile\systemDictionary.cpp, line 313]

ZGC Phase Switch (0 events):
No events

VM Operations (20 events):
Event: 10.172 Executing non-safepoint VM operation: HandshakeAllThreads (Deoptimize) done
Event: 10.181 Executing non-safepoint VM operation: HandshakeAllThreads (Deoptimize)
Event: 10.181 Executing non-safepoint VM operation: HandshakeAllThreads (Deoptimize) done
Event: 10.362 Executing safepoint VM operation: ParallelGCFailedAllocation (Allocation Failure)
Event: 10.367 Executing safepoint VM operation: ParallelGCFailedAllocation (Allocation Failure) done
Event: 11.368 Executing safepoint VM operation: Cleanup
Event: 11.368 Executing safepoint VM operation: Cleanup done
Event: 11.707 Executing safepoint VM operation: CollectForMetadataAllocation (Metadata GC Threshold)
Event: 11.744 Executing safepoint VM operation: CollectForMetadataAllocation (Metadata GC Threshold) done
Event: 11.948 Executing safepoint VM operation: ParallelGCFailedAllocation (Allocation Failure)
Event: 11.949 Executing safepoint VM operation: ParallelGCFailedAllocation (Allocation Failure) done
Event: 12.123 Executing safepoint VM operation: ParallelGCFailedAllocation (Allocation Failure)
Event: 12.125 Executing safepoint VM operation: ParallelGCFailedAllocation (Allocation Failure) done
Event: 12.307 Executing non-safepoint VM operation: HandshakeAllThreads (Deoptimize)
Event: 12.307 Executing non-safepoint VM operation: HandshakeAllThreads (Deoptimize) done
Event: 12.398 Executing safepoint VM operation: ParallelGCFailedAllocation (Allocation Failure)
Event: 12.401 Executing safepoint VM operation: ParallelGCFailedAllocation (Allocation Failure) done
Event: 12.455 Executing non-safepoint VM operation: HandshakeAllThreads (Deoptimize)
Event: 12.455 Executing non-safepoint VM operation: HandshakeAllThreads (Deoptimize) done
Event: 13.455 Executing safepoint VM operation: Cleanup

Memory protections (0 events):
No events

Nmethod flushes (0 events):
No events

Events (20 events):
Event: 0.111 Thread 0x000002154357cc40 Thread added: 0x00000215436289e0
Event: 0.111 Thread 0x000002154357cc40 Thread added: 0x000002154362b580
Event: 0.111 Thread 0x000002154357cc40 Thread added: 0x000002154362bfe0
Event: 0.112 Thread 0x000002154357cc40 Thread added: 0x000002154362ee30
Event: 0.112 Thread 0x000002154357cc40 Thread added: 0x000002159c36cb20
Event: 0.272 Thread 0x000002154357cc40 Thread added: 0x000002159c5a0c40
Event: 0.700 Thread 0x000002154357cc40 Thread added: 0x000002159c6ada40
Event: 4.620 Thread 0x000002159c36cb20 Thread added: 0x000002159d603370
Event: 4.968 Thread 0x000002154357cc40 Thread added: 0x000002159d7f5510
Event: 5.203 Thread 0x000002154357cc40 Thread added: 0x000002159d86a560
Event: 5.250 Thread 0x000002159d86a560 Thread added: 0x000002159d864ee0
Event: 5.255 Thread 0x000002154357cc40 Thread added: 0x000002159d85de00
Event: 5.685 Thread 0x000002159d85de00 Thread added: 0x00000215a28778f0
Event: 5.971 Thread 0x000002159d603370 Thread exited: 0x000002159d603370
Event: 7.800 Thread 0x000002159d85de00 Thread added: 0x000002159da25350
Event: 8.246 Thread 0x000002159d85de00 Thread added: 0x00000215a28f5220
Event: 8.911 Thread 0x000002159d85de00 Thread added: 0x00000215a22f8130
Event: 8.979 Thread 0x000002159d85de00 Thread added: 0x00000215a22f6d80
Event: 9.012 Thread 0x000002159d85de00 Thread added: 0x00000215a22f87c0
Event: 12.276 Thread 0x000002159d85de00 Thread added: 0x00000215a22f7410


Dynamic libraries:
0x00007ff7ce410000 - 0x00007ff7ce41e000 	c:\Users\Lenovo\.vscode\extensions\redhat.java-1.55.0-win32-x64\jre\21.0.11-win32-x86_64\bin\java.exe
0x00007ffc01d60000 - 0x00007ffc01fc6000 	C:\WINDOWS\SYSTEM32\ntdll.dll
0x00007ffc010e0000 - 0x00007ffc011a9000 	C:\WINDOWS\System32\KERNEL32.DLL
0x00007ffbff680000 - 0x00007ffbffa7f000 	C:\WINDOWS\System32\KERNELBASE.dll
0x00007ffbff460000 - 0x00007ffbff5ac000 	C:\WINDOWS\System32\ucrtbase.dll
0x00007ffbc9790000 - 0x00007ffbc97ae000 	c:\Users\Lenovo\.vscode\extensions\redhat.java-1.55.0-win32-x64\jre\21.0.11-win32-x86_64\bin\VCRUNTIME140.dll
0x00007ffbc8830000 - 0x00007ffbc8848000 	c:\Users\Lenovo\.vscode\extensions\redhat.java-1.55.0-win32-x64\jre\21.0.11-win32-x86_64\bin\jli.dll
0x00007ffc00a90000 - 0x00007ffc00c56000 	C:\WINDOWS\System32\USER32.dll
0x00007ffbff650000 - 0x00007ffbff677000 	C:\WINDOWS\System32\win32u.dll
0x00007ffbe3660000 - 0x00007ffbe38f1000 	C:\WINDOWS\WinSxS\amd64_microsoft.windows.common-controls_6595b64144ccf1df_6.0.26100.8972_none_3e0da176e32f9d4b\COMCTL32.dll
0x00007ffc01ac0000 - 0x00007ffc01aeb000 	C:\WINDOWS\System32\GDI32.dll
0x00007ffbffe20000 - 0x00007ffbffec9000 	C:\WINDOWS\System32\msvcrt.dll
0x00007ffbff0f0000 - 0x00007ffbff219000 	C:\WINDOWS\System32\gdi32full.dll
0x00007ffbff220000 - 0x00007ffbff2c3000 	C:\WINDOWS\System32\msvcp_win.dll
0x00007ffc018e0000 - 0x00007ffc01912000 	C:\WINDOWS\System32\IMM32.DLL
0x00007ffbf1e20000 - 0x00007ffbf1e2c000 	c:\Users\Lenovo\.vscode\extensions\redhat.java-1.55.0-win32-x64\jre\21.0.11-win32-x86_64\bin\vcruntime140_1.dll
0x00007ffbae7c0000 - 0x00007ffbae84d000 	c:\Users\Lenovo\.vscode\extensions\redhat.java-1.55.0-win32-x64\jre\21.0.11-win32-x86_64\bin\msvcp140.dll
0x00007ffb72b60000 - 0x00007ffb73902000 	c:\Users\Lenovo\.vscode\extensions\redhat.java-1.55.0-win32-x64\jre\21.0.11-win32-x86_64\bin\server\jvm.dll
0x00007ffc011b0000 - 0x00007ffc0126c000 	C:\WINDOWS\System32\ADVAPI32.dll
0x00007ffc01b80000 - 0x00007ffc01c29000 	C:\WINDOWS\System32\sechost.dll
0x00007ffc012c0000 - 0x00007ffc013d8000 	C:\WINDOWS\System32\RPCRT4.dll
0x00007ffc01af0000 - 0x00007ffc01b72000 	C:\WINDOWS\System32\WS2_32.dll
0x00007ffbfedf0000 - 0x00007ffbfee4e000 	C:\WINDOWS\SYSTEM32\POWRPROF.dll
0x00007ffbf5c00000 - 0x00007ffbf5c36000 	C:\WINDOWS\SYSTEM32\WINMM.dll
0x00007ffbf75b0000 - 0x00007ffbf75bb000 	C:\WINDOWS\SYSTEM32\VERSION.dll
0x00007ffbfedd0000 - 0x00007ffbfede5000 	C:\WINDOWS\SYSTEM32\UMPDC.dll
0x00007ffbfdc30000 - 0x00007ffbfdc4b000 	C:\WINDOWS\SYSTEM32\kernel.appcore.dll
0x00007ffbe09b0000 - 0x00007ffbe09ba000 	c:\Users\Lenovo\.vscode\extensions\redhat.java-1.55.0-win32-x64\jre\21.0.11-win32-x86_64\bin\jimage.dll
0x00007ffbfc780000 - 0x00007ffbfc9c2000 	C:\WINDOWS\SYSTEM32\DBGHELP.DLL
0x00007ffc00d50000 - 0x00007ffc010d5000 	C:\WINDOWS\System32\combase.dll
0x00007ffc00c70000 - 0x00007ffc00d49000 	C:\WINDOWS\System32\OLEAUT32.dll
0x00007ffbf7d30000 - 0x00007ffbf7d6b000 	C:\WINDOWS\SYSTEM32\dbgcore.DLL
0x00007ffbfef70000 - 0x00007ffbff01c000 	C:\WINDOWS\System32\bcryptPrimitives.dll
0x00007ffbdf7b0000 - 0x00007ffbdf7bf000 	c:\Users\Lenovo\.vscode\extensions\redhat.java-1.55.0-win32-x64\jre\21.0.11-win32-x86_64\bin\instrument.dll
0x00007ffbc8370000 - 0x00007ffbc8390000 	c:\Users\Lenovo\.vscode\extensions\redhat.java-1.55.0-win32-x64\jre\21.0.11-win32-x86_64\bin\java.dll
0x00007ffc000b0000 - 0x00007ffc00838000 	C:\WINDOWS\System32\SHELL32.dll
0x00007ffbfca00000 - 0x00007ffbfd29b000 	C:\WINDOWS\SYSTEM32\windows.storage.dll
0x00007ffbffa90000 - 0x00007ffbffb89000 	C:\WINDOWS\System32\SHCORE.dll
0x00007ffc01c30000 - 0x00007ffc01c96000 	C:\WINDOWS\System32\shlwapi.dll
0x00007ffbfee90000 - 0x00007ffbfeeb9000 	C:\WINDOWS\SYSTEM32\profapi.dll
0x00007ffbc6ad0000 - 0x00007ffbc6ae8000 	c:\Users\Lenovo\.vscode\extensions\redhat.java-1.55.0-win32-x64\jre\21.0.11-win32-x86_64\bin\zip.dll
0x00007ffbdec40000 - 0x00007ffbdec50000 	C:\Users\Lenovo\.vscode\extensions\redhat.java-1.55.0-win32-x64\jre\21.0.11-win32-x86_64\bin\net.dll
0x00007ffbf7050000 - 0x00007ffbf7177000 	C:\WINDOWS\SYSTEM32\WINHTTP.dll
0x00007ffbfe210000 - 0x00007ffbfe27c000 	C:\WINDOWS\system32\mswsock.dll
0x00007ffbc6ab0000 - 0x00007ffbc6ac6000 	C:\Users\Lenovo\.vscode\extensions\redhat.java-1.55.0-win32-x64\jre\21.0.11-win32-x86_64\bin\nio.dll
0x00007ffbdcce0000 - 0x00007ffbdccf0000 	c:\Users\Lenovo\.vscode\extensions\redhat.java-1.55.0-win32-x64\jre\21.0.11-win32-x86_64\bin\verify.dll
0x00007ffbc1e90000 - 0x00007ffbc1ed5000 	C:\Users\Lenovo\AppData\Roaming\Code\User\globalStorage\redhat.java\1.55.0\config_win\org.eclipse.equinox.launcher\org.eclipse.equinox.launcher.win32.win32.x86_64_1.3.100.v20260613-0559\eclipse_11924.dll
0x00007ffc01920000 - 0x00007ffc01ab9000 	C:\WINDOWS\System32\ole32.dll
0x00007ffbfe500000 - 0x00007ffbfe51b000 	C:\WINDOWS\SYSTEM32\CRYPTSP.dll
0x00007ffbfdb90000 - 0x00007ffbfdbc9000 	C:\WINDOWS\system32\rsaenh.dll
0x00007ffbfe2c0000 - 0x00007ffbfe2f2000 	C:\WINDOWS\SYSTEM32\USERENV.dll
0x00007ffbfee60000 - 0x00007ffbfee8a000 	C:\WINDOWS\SYSTEM32\bcrypt.dll
0x00007ffbfe520000 - 0x00007ffbfe52c000 	C:\WINDOWS\SYSTEM32\CRYPTBASE.dll
0x00007ffbfd5d0000 - 0x00007ffbfd603000 	C:\WINDOWS\SYSTEM32\IPHLPAPI.DLL
0x00007ffc00c60000 - 0x00007ffc00c6a000 	C:\WINDOWS\System32\NSI.dll
0x00007ffbb1060000 - 0x00007ffbb10a9000 	C:\Users\Lenovo\AppData\Local\Temp\jna--2022488749\jna17313736853480450359.dll
0x00007ffc01280000 - 0x00007ffc01288000 	C:\WINDOWS\System32\PSAPI.DLL

JVMTI agents:
c:\Users\Lenovo\.vscode\extensions\redhat.java-1.55.0-win32-x64\lombok\lombok-1.18.39-4050.jar path:c:\Users\Lenovo\.vscode\extensions\redhat.java-1.55.0-win32-x64\jre\21.0.11-win32-x86_64\bin\instrument.dll, loaded, initialized, instrumentlib options:none

dbghelp: loaded successfully - version: 4.0.5 - missing functions: none
symbol engine: initialized successfully - sym options: 0x614 - pdb path: .;c:\Users\Lenovo\.vscode\extensions\redhat.java-1.55.0-win32-x64\jre\21.0.11-win32-x86_64\bin;C:\WINDOWS\SYSTEM32;C:\WINDOWS\WinSxS\amd64_microsoft.windows.common-controls_6595b64144ccf1df_6.0.26100.8972_none_3e0da176e32f9d4b;c:\Users\Lenovo\.vscode\extensions\redhat.java-1.55.0-win32-x64\jre\21.0.11-win32-x86_64\bin\server;C:\Users\Lenovo\AppData\Roaming\Code\User\globalStorage\redhat.java\1.55.0\config_win\org.eclipse.equinox.launcher\org.eclipse.equinox.launcher.win32.win32.x86_64_1.3.100.v20260613-0559;C:\Users\Lenovo\AppData\Local\Temp\jna--2022488749

VM Arguments:
jvm_args: --add-modules=ALL-SYSTEM --add-opens=java.base/java.util=ALL-UNNAMED --add-opens=java.base/java.lang=ALL-UNNAMED --add-opens=java.base/sun.nio.fs=ALL-UNNAMED -Declipse.application=org.eclipse.jdt.ls.core.id1 -Dosgi.bundles.defaultStartLevel=4 -Declipse.product=org.eclipse.jdt.ls.core.product -Djava.import.generatesMetadataFilesAtProjectRoot=false -DDetectVMInstallationsJob.disabled=true -Dfile.encoding=utf8 -XX:+UseParallelGC -XX:GCTimeRatio=4 -XX:AdaptiveSizePolicyWeight=90 -Dsun.zip.disableMemoryMapping=true -Xmx2G -Xms100m -Xlog:disable -javaagent:c:\Users\Lenovo\.vscode\extensions\redhat.java-1.55.0-win32-x64\lombok\lombok-1.18.39-4050.jar -XX:+HeapDumpOnOutOfMemoryError -XX:HeapDumpPath=c:\Users\Lenovo\AppData\Roaming\Code\User\workspaceStorage\665d8a89b0ab349a1d646fc6579422e7\redhat.java -Daether.dependencyCollector.impl=bf 
java_command: c:\Users\Lenovo\.vscode\extensions\redhat.java-1.55.0-win32-x64\server\plugins\org.eclipse.equinox.launcher_1.7.200.v20260619-2039.jar -configuration c:\Users\Lenovo\AppData\Roaming\Code\User\globalStorage\redhat.java\1.55.0\config_win -data c:\Users\Lenovo\AppData\Roaming\Code\User\workspaceStorage\665d8a89b0ab349a1d646fc6579422e7\redhat.java\jdt_ws --pipe=\\.\pipe\lsp-f67443e7ec31a7e10d5d5fe325e04d4a-sock
java_class_path (initial): c:\Users\Lenovo\.vscode\extensions\redhat.java-1.55.0-win32-x64\server\plugins\org.eclipse.equinox.launcher_1.7.200.v20260619-2039.jar
Launcher Type: SUN_STANDARD

[Global flags]
    uintx AdaptiveSizePolicyWeight                 = 90                                        {product} {command line}
     intx CICompilerCount                          = 4                                         {product} {ergonomic}
    uintx GCTimeRatio                              = 4                                         {product} {command line}
     bool HeapDumpOnOutOfMemoryError               = true                                   {manageable} {command line}
    ccstr HeapDumpPath                             = c:\Users\Lenovo\AppData\Roaming\Code\User\workspaceStorage\665d8a89b0ab349a1d646fc6579422e7\redhat.java         {manageable} {command line}
   size_t InitialHeapSize                          = 104857600                                 {product} {command line}
   size_t MaxHeapSize                              = 2147483648                                {product} {command line}
   size_t MaxNewSize                               = 715653120                                 {product} {ergonomic}
   size_t MinHeapDeltaBytes                        = 524288                                    {product} {ergonomic}
   size_t MinHeapSize                              = 104857600                                 {product} {command line}
   size_t NewSize                                  = 34603008                                  {product} {ergonomic}
    uintx NonNMethodCodeHeapSize                   = 5839372                                {pd product} {ergonomic}
    uintx NonProfiledCodeHeapSize                  = 122909434                              {pd product} {ergonomic}
   size_t OldSize                                  = 70254592                                  {product} {ergonomic}
    uintx ProfiledCodeHeapSize                     = 122909434                              {pd product} {ergonomic}
    uintx ReservedCodeCacheSize                    = 251658240                              {pd product} {ergonomic}
     bool SegmentedCodeCache                       = true                                      {product} {ergonomic}
   size_t SoftMaxHeapSize                          = 2147483648                             {manageable} {ergonomic}
     bool UseCompressedOops                        = true                           {product lp64_product} {ergonomic}
     bool UseLargePagesIndividualAllocation        = false                                  {pd product} {ergonomic}
     bool UseParallelGC                            = true                                      {product} {command line}

Logging:
Log output configuration:
 #0: stdout all=off uptime,level,tags foldmultilines=false
 #1: stderr all=off uptime,level,tags foldmultilines=false

Release file:
JAVA_VERSION="21.0.11" 
MODULES="java.base java.compiler java.datatransfer java.xml java.prefs java.desktop java.instrument java.logging java.management java.security.sasl java.naming java.rmi java.management.rmi java.net.http java.scripting java.security.jgss java.transaction.xa java.sql java.sql.rowset java.xml.crypto java.se java.smartcardio jdk.accessibility jdk.internal.jvmstat jdk.attach jdk.charsets jdk.internal.opt jdk.zipfs jdk.compiler jdk.crypto.ec jdk.crypto.cryptoki jdk.crypto.mscapi jdk.dynalink jdk.internal.ed jdk.editpad jdk.hotspot.agent jdk.httpserver jdk.internal.le jdk.internal.vm.ci jdk.internal.vm.compiler jdk.internal.vm.compiler.management jdk.jartool jdk.javadoc jdk.jcmd jdk.management jdk.management.agent jdk.jconsole jdk.jdeps jdk.jdwp.agent jdk.jdi jdk.jfr jdk.jshell jdk.jsobject jdk.jstatd jdk.localedata jdk.management.jfr jdk.naming.dns jdk.naming.rmi jdk.net jdk.nio.mapmode jdk.random jdk.sctp jdk.security.auth jdk.security.jgss jdk.unsupported jdk.unsupported.desktop jdk.xml.dom" 

Environment Variables:
PATH=C:\Program Files\Common Files\Oracle\Java\javapath;C:\Program Files (x86)\Common Files\Oracle\Java\java8path;C:\Program Files (x86)\Common Files\Oracle\Java\javapath;C:\Windows\system32;C:\Windows;C:\Windows\System32\Wbem;C:\Windows\System32\WindowsPowerShell\v1.0\;C:\Windows\System32\OpenSSH\;C:\Program Files (x86)\NVIDIA Corporation\PhysX\Common;C:\Program Files\NVIDIA Corporation\NVIDIA NvDLISR;C:\Program Files\dotnet\;C:\MinGW\bin;C:\Program Files\Git\cmd;C:\Program Files\nodejs\;C:\ProgramData\chocolatey\bin;C:\Program Files\MySQL\MySQL Server 8.0\bin;;C:\WINDOWS\system32;C:\WINDOWS;C:\WINDOWS\System32\Wbem;C:\WINDOWS\System32\WindowsPowerShell\v1.0\;C:\WINDOWS\System32\OpenSSH\;C:\Users\Lenovo\AppData\Local\Muse Hub\lib;;C:\Program Files\Docker\Docker\resources\bin;C:\Users\Lenovo\.local\bin;C:\Users\Lenovo\AppData\Local\Programs\Python\Python313\Scripts\;C:\Users\Lenovo\AppData\Local\Programs\Python\Python313\;C:\Users\Lenovo\AppData\Local\Programs\Python\Python314\Scripts\;C:\Users\Lenovo\AppData\Local\Programs\Python\Python314\;C:\Users\Lenovo\AppData\Local\Programs\Python\Launcher\;C:\Program Files\MySQL\MySQL Shell 8.0\bin\;C:\Users\Lenovo\AppData\Local\Microsoft\WindowsApps;C:\Users\Lenovo\AppData\Local\Programs\Microsoft VS Code\bin;C:\Users\Lenovo\AppData\Local\GitHubDesktop\bin;C:\ProgramData\Lenovo\GitHubDesktop\bin;C:\Users\Lenovo\AppData\Roaming\npm;C:\Program Files\MySQL\MySQL Server 8.0\bin;C:\Users\Lenovo\AppData\Local\Programs\Antigravity\bin;C:\Users\Lenovo\AppData\Local\Muse Hub\lib;C:\Users\Lenovo\AppData\Local\Programs\Antigravity IDE\bin
USERNAME=Lenovo
OS=Windows_NT
PROCESSOR_IDENTIFIER=AMD64 Family 25 Model 80 Stepping 0, AuthenticAMD
TMP=C:\Users\Lenovo\AppData\Local\Temp
TEMP=C:\Users\Lenovo\AppData\Local\Temp




Periodic native trim disabled

---------------  S Y S T E M  ---------------

OS:
 Windows 11 , 64 bit Build 26100 (10.0.26100.8972)
OS uptime: 8 days 2:07 hours
Hyper-V role detected

CPU: total 12 (initial active 12) (12 cores per cpu, 2 threads per core) family 25 model 80 stepping 0 microcode 0xa50000d, cx8, cmov, fxsr, ht, mmx, 3dnowpref, sse, sse2, sse3, ssse3, sse4a, sse4.1, sse4.2, popcnt, lzcnt, tsc, tscinvbit, avx, avx2, aes, erms, clmul, bmi1, bmi2, adx, sha, fma, vzeroupper, clflush, clflushopt, hv, rdtscp, rdpid, fsrm, f16c, cet_ss
Processor Information for processor 0
  Max Mhz: 3301, Current Mhz: 3301, Mhz Limit: 3301
Processor Information for processor 1
  Max Mhz: 3301, Current Mhz: 2011, Mhz Limit: 3301
Processor Information for processor 2
  Max Mhz: 3301, Current Mhz: 3301, Mhz Limit: 3301
Processor Information for processor 3
  Max Mhz: 3301, Current Mhz: 2011, Mhz Limit: 3301
Processor Information for processor 4
  Max Mhz: 3301, Current Mhz: 3301, Mhz Limit: 3301
Processor Information for processor 5
  Max Mhz: 3301, Current Mhz: 2011, Mhz Limit: 3301
Processor Information for processor 6
  Max Mhz: 3301, Current Mhz: 3301, Mhz Limit: 3301
Processor Information for processor 7
  Max Mhz: 3301, Current Mhz: 2011, Mhz Limit: 3301
Processor Information for processor 8
  Max Mhz: 3301, Current Mhz: 3301, Mhz Limit: 3301
Processor Information for processor 9
  Max Mhz: 3301, Current Mhz: 2011, Mhz Limit: 3301
Processor Information for processor 10
  Max Mhz: 3301, Current Mhz: 3301, Mhz Limit: 3301
Processor Information for processor 11
  Max Mhz: 3301, Current Mhz: 2011, Mhz Limit: 3301

Memory: 4k page, system-wide physical 5996M (344M free)
TotalPageFile size 24428M (AvailPageFile size 23M)
current process WorkingSet (physical memory assigned to process): 166M, peak: 169M
current process commit charge ("private bytes"): 299M, peak: 302M

vm_info: OpenJDK 64-Bit Server VM (21.0.11+10-LTS) for windows-amd64 JRE (21.0.11+10-LTS), built on 2026-04-21T00:00:00Z by "admin" with MS VC++ 17.12 (VS2022)

END.
